
> web@0.1.0 build
> next build

▲ Next.js 16.3.2 (Turbopack)
- Environments: .env.local
✓ Running next.config.ts took 215ms

  Creating an optimized production build ...

> Build error occurred
Error: Turbopack build failed with 1 error:
./src/app/app/strategies/new/page.tsx:8:1
Error: Module not found: Can't resolve '@/components/studio'
  [90m 6 |[0m [36mimport[0m { [33mStrategyEditor[0m, [33mDEFAULT_STRATEGY_CODE[0m } [36mfrom[0m [32m"@/components/Editor"[0m;
  [90m 7 |[0m [36mimport[0m { [33mStrategyBuilder[0m } [36mfrom[0m [32m"@/components/StrategyBuilder"[0m;
[31m[1m>[0m [90m 8 |[0m [36mimport[0m {
  [90m   |[0m [31m[1m^^^^^^^[0m
[31m[1m>[0m [90m 9 |[0m   [33mStrategyTemplates[0m,
  [90m   |[0m [31m[1m^^^^^^^^^^^^^^^^^^^^[0m
[31m[1m>[0m [90m10 |[0m   [33mLiveSignals[0m,
  [90m   |[0m [31m[1m^^^^^^^^^^^^^^[0m
[31m[1m>[0m [90m11 |[0m   [33mBlockBuilder[0m,
  [90m   |[0m [31m[1m^^^^^^^^^^^^^^^[0m
[31m[1m>[0m [90m12 |[0m   [33mRiskAdvisor[0m,
  [90m   |[0m [31m[1m^^^^^^^^^^^^^^[0m
[31m[1m>[0m [90m13 |[0m   [33mStrategyExplainer[0m,
  [90m   |[0m [31m[1m^^^^^^^^^^^^^^^^^^^^[0m
[31m[1m>[0m [90m14 |[0m } [36mfrom[0m [32m"@/components/studio"[0m;
  [90m   |[0m [31m[1m^^^^^^^^^^^^^^^^^^^^^^^^^^^^^[0m
  [90m15 |[0m [36mimport[0m { buttonClasses } [36mfrom[0m [32m"@/components/ui/Button"[0m;
  [90m16 |[0m [36mimport[0m {
  [90m17 |[0m   runBacktest,

Import map: aliased to relative './src/components/studio' inside of [project]/


Import traces:
  Client Component Browser:
    ./src/app/app/strategies/new/page.tsx [Client Component Browser]
    ./src/app/app/strategies/new/page.tsx [Server Component]

  Client Component SSR:
    ./src/app/app/strategies/new/page.tsx [Client Component SSR]
    ./src/app/app/strategies/new/page.tsx [Server Component]

https://nextjs.org/docs/messages/module-not-found


    at <unknown> (./src/app/app/strategies/new/page.tsx:8:1)
    at <unknown> (https://nextjs.org/docs/messages/module-not-found)
